
> 민원관리 웹/앱 구축@0.1.0 build
> vite build

[36mvite v6.3.5 [32mbuilding for production...[36m[39m
transforming...
[32m✓[39m 2562 modules transformed.
